

  Swiss System
    1) should create a swiss stage with round 1 matches
    Ô£ö should calculate correct number of rounds (log2)


  1 passing (7ms)
  1 failing

  1) Swiss System
       should create a swiss stage with round 1 matches:
     AssertionError: expected null to equal +0
      at Context.<anonymous> (test\swiss.spec.js:48:40)



